<!DOCTYPE html>
<html>
  <head>
    <meta charset='utf-8'>
    <meta name="viewport"
        content="width=device-width, initial-scale=1, maximum-scale=1">
    <title>Paged Option</title>
    <script type="text/javascript" src="gamebookformatplay.js"></script>
    <link rel="stylesheet" href="gamebookformat.css"
          type="text/css" />
    <script>
      if (typeof gamebook !== 'undefined') {
         gamebook.id = 'paged';
      }
    </script>
  </head>
  <body>
<div class="hideintrolink nodisplay"
    onclick="gamebook.hideIntroSections()">(hide instructions)</div>
  <div class="gamebook">
<div class="introsection">
<div class="introsectionheading">Introduction</div>
<div class="introsectionbody">
 This gamebook is formatted with the <b>paged</b>
 option. Every section should begin at the top of a new page. Not the introsections though. 
</div>
</div>
<div class="introsection">
<div class="introsectionheading">Another Heading</div>
<div class="introsectionbody">
 This is another introsection, just to confirm that it is not cause a new page-break. 
</div>
</div>
<div class="introsection">
<div class="introsectionheading">Formats</div>
<div class="introsectionbody">
 Only some formats support page-breaks. HTML for instance currently does not (although it is technically possible to add it using print stylesheets). 
</div>
</div>
<div class="resumelink nodisplay"
  onclick="gamebook.loadGame()">Resume saved game.</div>

<div class="startlink"
  onclick="gamebook.turnTo(1)">Turn to 1 to begin.</div>
<script>
    if (typeof gamebook !== 'undefined' && gamebook.hasSavedGame()) {
        var resumeLinks = document.getElementsByClassName('resumelink');
        Array.prototype.forEach.call(resumeLinks, function(e) {
            e.classList.remove('nodisplay');
        });
    }
</script>
<div class="section" id="section1">
<div class="sectionnumber" id="para1">1</div>
<div class="sectiontext">
 First section. You can go to <a class="sectionref enabledlink" data-ref="4"
href="#section4">4</a> or <a class="sectionref enabledlink" data-ref="3"
href="#section3">3</a> from here. 
</div>
</div>
<script>
if (typeof gamebook !== 'undefined') {
   gamebook.addSection(1, document.getElementById('section1'));
}
</script><div class="section" id="section2">
<div class="sectionnumber" id="para2">2</div>
<div class="sectiontext">
 This is The End. 
</div>
</div>
<script>
if (typeof gamebook !== 'undefined') {
   gamebook.addSection(2, document.getElementById('section2'));
}
</script><div class="section" id="section3">
<div class="sectionnumber" id="para3">3</div>
<div class="sectiontext">
 This is the third section. It might or might not be numbered 3 though, because of the automatic section numbering in gamebookformat. You can go on to the end at <a class="sectionref enabledlink" data-ref="2"
href="#section2">2</a>. 
</div>
</div>
<script>
if (typeof gamebook !== 'undefined') {
   gamebook.addSection(3, document.getElementById('section3'));
}
</script><div class="section" id="section4">
<div class="sectionnumber" id="para4">4</div>
<div class="sectiontext">
 This is the second section. Yay. You can go on to <a class="sectionref enabledlink" data-ref="3"
href="#section3">3</a> or <a class="sectionref enabledlink" data-ref="2"
href="#section2">2</a> or back to <a class="sectionref enabledlink" data-ref="1"
href="#section1">1</a>. 
</div>
</div>
<script>
if (typeof gamebook !== 'undefined') {
   gamebook.addSection(4, document.getElementById('section4'));
}
</script>    <div id="counters" class="counters">
    </div>
    <div id="counterTemplate" class="counterTemplate">
      <span class="counterheading"></span>
      <span class="countercontents"></span>
    </div>
    </div>
    <div id="collections" class="collections">
    </div>
    <div id="collectionTemplate" class="collectionTemplate">
      <span class="collectionheading"></span>
      <span class="collectioncontents"></span>
    </div>
    </div>
    <script>
if (typeof gamebook !== 'undefined') {
   gamebook.prepare();
}
    </script>
<div class="displayintrolink nodisplay"
    onclick="gamebook.showIntroSections()">(show instructions)</div>
    </div>
  </body>
</html>
